Command example:

$ ./scalc [ GR 2 ../scalc/test/1_1000000.txt ../scalc/test/2_1000000.txt ../scalc/test/3_1000000.txt ../scalc/test/4_1000000.txt ../scalc/test/5_1000000.txt ../scalc/test/6_1000000.txt ../scalc/test/7_1000000.txt ../scalc/test/8_1000000.txt ../scalc/test/9_1000000.txt ../scalc/test/10_1000000.txt ] > result.txt && head result.txt

Naiive implementation of GR:

[GR 2] among 10 files with 1k el. (total 10K) in range (0..5k)
40..60 msec, 1342 results

[GR 2] among 10 files with 10k el. (total 100K) in range (0..50k)
~410 msec, 13364 results

[GR 2] among 10 files with 100k el. (total 1M) in range (0..500k)
~4800 msec, 133510 results

[GR 2] among 10 files with 1M el. (total 10M) in range (0..5M)
~66 sec, 1331839 results


----  unordered set (no sorting at the end) 

[GR 2] among 10 files with 1M el. (total 10M) in range (0..5M)
~40 sec, 1331839 results

----  unordered set (with sorting at the end) 

[GR 2] among 10 files with 1M el. (total 10M) in range (0..5M)
~40 sec, 1331839 results

---- unordered sets just cross-insertion + sorting at the end

[GR 2] among 10 files with 10k el. (total 100K) in range (0..50k)
~200 msec, 13364 results

[GR 2] among 10 files with 100k el. (total 1M) in range (0..500k)
~3400 msec, 133510 results

[GR 2] among 10 files with 1M el. (total 10M) in range (0..5M)
~20 sec, 1331839


Deeper trees

./scalc [ GR 0 [ GR 0 ../scalc/test/1_1000000.txt ../scalc/test/2_1000000.txt ../scalc/test/3_1000000.txt ../scalc/test/4_1000000.txt ../scalc/test/5_1000000.txt ../scalc/test/6_1000000.txt ../scalc/test/7_1000000.txt ../scalc/test/8_1000000.txt ../scalc/test/9_1000000.txt ../scalc/test/10_1000000.txt ] [ GR 0 ../scalc/test/1_1000000.txt ../scalc/test/2_1000000.txt ../scalc/test/3_1000000.txt ../scalc/test/4_1000000.txt ../scalc/test/5_1000000.txt ../scalc/test/6_1000000.txt ../scalc/test/7_1000000.txt ../scalc/test/8_1000000.txt ../scalc/test/9_1000000.txt ../scalc/test/10_1000000.txt ] ] > result.txt && head result.txt

[ GR 0 [ GR 2 (10 x 100000) ] [ GR 2 (10 x 100000) ] ] -- 2M elements * 2 ops
~6800 msec 133510 results

[ GR 0 [ GR 2 (10 x 1000000) ] [ GR 2 (10 x 1000000) ] ] -- 20M input elements * 2 ops
~83 sec msec 133510 results

[ GR 0 [ GR 0 [ GR 0 (10 x 1M) ] [ GR 0 (10 x 1M) ] ] [ GR 0 [ GR 0 (10 x 1M) ] [ GR 0 (10 x 1M) ] ] ]
 -- 40M input elements * 7 ops ~ 280 M elements to process
./scalc [ GR 0 [ GR 0 [ GR 0 ../scalc/test/1_1000000.txt ../scalc/test/2_1000000.txt ../scalc/test/3_1000000.txt ../scalc/test/4_1000000.txt ../scalc/test/5_1000000.txt ../scalc/test/6_1000000.txt ../scalc/test/7_1000000.txt ../scalc/test/8_1000000.txt ../scalc/test/9_1000000.txt ../scalc/test/10_1000000.txt ] [ GR 0 ../scalc/test/1_1000000.txt ../scalc/test/2_1000000.txt ../scalc/test/3_1000000.txt ../scalc/test/4_1000000.txt ../scalc/test/5_1000000.txt ../scalc/test/6_1000000.txt ../scalc/test/7_1000000.txt ../scalc/test/8_1000000.txt ../scalc/test/9_1000000.txt ../scalc/test/10_1000000.txt ] ] [ GR 0 [ GR 0 ../scalc/test/1_1000000.txt ../scalc/test/2_1000000.txt ../scalc/test/3_1000000.txt ../scalc/test/4_1000000.txt ../scalc/test/5_1000000.txt ../scalc/test/6_1000000.txt ../scalc/test/7_1000000.txt ../scalc/test/8_1000000.txt ../scalc/test/9_1000000.txt ../scalc/test/10_1000000.txt ] [ GR 0 ../scalc/test/1_1000000.txt ../scalc/test/2_1000000.txt ../scalc/test/3_1000000.txt ../scalc/test/4_1000000.txt ../scalc/test/5_1000000.txt ../scalc/test/6_1000000.txt ../scalc/test/7_1000000.txt ../scalc/test/8_1000000.txt ../scalc/test/9_1000000.txt ../scalc/test/10_1000000.txt ] ] ] > result.txt && head result.txt
~ 210 seconds and 4323650 output elements


[ GR 0 [ GR 0 [ GR 0 (20 x 1M) ] [ GR 0 (20 x 1M) ] ] [ GR 0 [ GR 0 (20 x 1M) ] [ GR 0 (20 x 1M) ] ] ]
 -- 80M input elements * 7 ops ~ 560 M elements to process
./scalc [ GR 0 [ GR 0 [ GR 0 ../scalc/test/1_1000000.txt ../scalc/test/2_1000000.txt ../scalc/test/3_1000000.txt ../scalc/test/4_1000000.txt ../scalc/test/5_1000000.txt ../scalc/test/6_1000000.txt ../scalc/test/7_1000000.txt ../scalc/test/8_1000000.txt ../scalc/test/9_1000000.txt ../scalc/test/10_1000000.txt ../scalc/test/1_1000000.txt ../scalc/test/2_1000000.txt ../scalc/test/3_1000000.txt ../scalc/test/4_1000000.txt ../scalc/test/5_1000000.txt ../scalc/test/6_1000000.txt ../scalc/test/7_1000000.txt ../scalc/test/8_1000000.txt ../scalc/test/9_1000000.txt ../scalc/test/10_1000000.txt ] [ GR 0 ../scalc/test/1_1000000.txt ../scalc/test/2_1000000.txt ../scalc/test/3_1000000.txt ../scalc/test/4_1000000.txt ../scalc/test/5_1000000.txt ../scalc/test/6_1000000.txt ../scalc/test/7_1000000.txt ../scalc/test/8_1000000.txt ../scalc/test/9_1000000.txt ../scalc/test/10_1000000.txt ../scalc/test/1_1000000.txt ../scalc/test/2_1000000.txt ../scalc/test/3_1000000.txt ../scalc/test/4_1000000.txt ../scalc/test/5_1000000.txt ../scalc/test/6_1000000.txt ../scalc/test/7_1000000.txt ../scalc/test/8_1000000.txt ../scalc/test/9_1000000.txt ../scalc/test/10_1000000.txt ] ] [ GR 0 ../scalc/test/1_1000000.txt ../scalc/test/2_1000000.txt ../scalc/test/3_1000000.txt ../scalc/test/4_1000000.txt ../scalc/test/5_1000000.txt ../scalc/test/6_1000000.txt ../scalc/test/7_1000000.txt ../scalc/test/8_1000000.txt ../scalc/test/9_1000000.txt ../scalc/test/10_1000000.txt [ GR 0 ../scalc/test/1_1000000.txt ../scalc/test/2_1000000.txt ../scalc/test/3_1000000.txt ../scalc/test/4_1000000.txt ../scalc/test/5_1000000.txt ../scalc/test/6_1000000.txt ../scalc/test/7_1000000.txt ../scalc/test/8_1000000.txt ../scalc/test/9_1000000.txt ../scalc/test/10_1000000.txt ] [ GR 0 ../scalc/test/1_1000000.txt ../scalc/test/2_1000000.txt ../scalc/test/3_1000000.txt ../scalc/test/4_1000000.txt ../scalc/test/5_1000000.txt ../scalc/test/6_1000000.txt ../scalc/test/7_1000000.txt ../scalc/test/8_1000000.txt ../scalc/test/9_1000000.txt ../scalc/test/10_1000000.txt ../scalc/test/1_1000000.txt ../scalc/test/2_1000000.txt ../scalc/test/3_1000000.txt ../scalc/test/4_1000000.txt ../scalc/test/5_1000000.txt ../scalc/test/6_1000000.txt ../scalc/test/7_1000000.txt ../scalc/test/8_1000000.txt ../scalc/test/9_1000000.txt ../scalc/test/10_1000000.txt ] ] ] > result.txt && head result.txt
~ 210 seconds and 4323650 output elements 4323650

Using the STD::MAP (!)
elements    sec
560M        210
40M         83
28M         8.2
4M          6.8
1M          3.4
100k        0.2

okay, let's check what would happen if I use the same approach for INT, DIF, SUM operations
INT == EQ(n)
DIF == EQ(1)
SUM == GR(0)


[ GR 0 [ GR 0 [ GR 0 (10 x 0.1M) ] [ GR 0 (10 x 0.1M) ] ] [ GR 0 [ GR 0 (10 x 0.1M) ] [ GR 0 (10 x 0.1M) ] ] ]
 -- 4M input elements * 7 ops ~ 28 M elements to process
./scalc [ GR 0 [ GR 0 [ GR 0 ../scalc/test/1_100000.txt ../scalc/test/2_100000.txt ../scalc/test/3_100000.txt ../scalc/test/4_100000.txt ../scalc/test/5_100000.txt ../scalc/test/6_100000.txt ../scalc/test/7_100000.txt ../scalc/test/8_100000.txt ../scalc/test/9_100000.txt ../scalc/test/10_100000.txt ] [ GR 0 ../scalc/test/1_100000.txt ../scalc/test/2_100000.txt ../scalc/test/3_100000.txt ../scalc/test/4_100000.txt ../scalc/test/5_100000.txt ../scalc/test/6_100000.txt ../scalc/test/7_100000.txt ../scalc/test/8_100000.txt ../scalc/test/9_100000.txt ../scalc/test/10_100000.txt ] ] [ GR 0 [ GR 0 ../scalc/test/1_100000.txt ../scalc/test/2_100000.txt ../scalc/test/3_100000.txt ../scalc/test/4_100000.txt ../scalc/test/5_100000.txt ../scalc/test/6_100000.txt ../scalc/test/7_100000.txt ../scalc/test/8_100000.txt ../scalc/test/9_100000.txt ../scalc/test/10_100000.txt ] [ GR 0 ../scalc/test/1_100000.txt ../scalc/test/2_100000.txt ../scalc/test/3_100000.txt ../scalc/test/4_100000.txt ../scalc/test/5_100000.txt ../scalc/test/6_100000.txt ../scalc/test/7_100000.txt ../scalc/test/8_100000.txt ../scalc/test/9_100000.txt ../scalc/test/10_100000.txt ] ] ] > result.txt && head result.txt
~8 sec, 432113 results. 4323650

[ GR 0 [ GR 0 [ GR 0 [ GR 0 (5 x 1M) ] [ GR 0 (5 x 1M) ] [ GR 0 (10 x 0.1M) ] ] [ GR 0 [ GR 0 (10 x 0.1M) ] [ GR 0 (10 x 0.1M) ] ] ]

./scalc [ GR 0 [ GR 0 [ GR 0 ../scalc/test/1_1000000.txt ../scalc/test/2_1000000.txt ../scalc/test/3_1000000.txt ../scalc/test/4_1000000.txt ../scalc/test/5_1000000.txt ] [ GR 0 ../scalc/test/6_1000000.txt ../scalc/test/7_1000000.txt ../scalc/test/8_1000000.txt ../scalc/test/9_1000000.txt ../scalc/test/10_1000000.txt ] [ GR 0 ../scalc/test/1_1000000.txt ../scalc/test/2_1000000.txt ../scalc/test/3_1000000.txt ../scalc/test/4_1000000.txt ../scalc/test/5_1000000.txt ] [ GR 0 ../scalc/test/6_1000000.txt ../scalc/test/7_1000000.txt ../scalc/test/8_1000000.txt ../scalc/test/9_1000000.txt ../scalc/test/10_1000000.txt ] ] [ GR 0 [ GR 0 ../scalc/test/1_1000000.txt ../scalc/test/2_1000000.txt ../scalc/test/3_1000000.txt ../scalc/test/4_1000000.txt ../scalc/test/5_1000000.txt ] [ GR 0 ../scalc/test/6_1000000.txt ../scalc/test/7_1000000.txt ../scalc/test/8_1000000.txt ../scalc/test/9_1000000.txt ../scalc/test/10_1000000.txt ] ] [ GR 0 ../scalc/test/1_1000000.txt ../scalc/test/2_1000000.txt ../scalc/test/3_1000000.txt ../scalc/test/4_1000000.txt ../scalc/test/5_1000000.txt ] [ GR 0 ../scalc/test/6_1000000.txt ../scalc/test/7_1000000.txt ../scalc/test/8_1000000.txt ../scalc/test/9_1000000.txt ../scalc/test/10_1000000.txt ] ] > result.txt && head result.txt


./scalc [ GR 0 [ GR 0 ../scalc/test/1_100000.txt ../scalc/test/2_100000.txt ../scalc/test/3_100000.txt ../scalc/test/4_100000.txt ../scalc/test/5_100000.txt ../scalc/test/6_100000.txt ../scalc/test/7_100000.txt ../scalc/test/8_100000.txt ../scalc/test/9_100000.txt ../scalc/test/10_100000.txt ] [ GR 0 ../scalc/test/1_100000.txt ../scalc/test/2_100000.txt ../scalc/test/3_100000.txt ../scalc/test/4_100000.txt ../scalc/test/5_100000.txt ../scalc/test/6_100000.txt ../scalc/test/7_100000.txt ../scalc/test/8_100000.txt ../scalc/test/9_100000.txt ../scalc/test/10_100000.txt ] [ GR 0 ../scalc/test/1_100000.txt ../scalc/test/2_100000.txt ../scalc/test/3_100000.txt ../scalc/test/4_100000.txt ../scalc/test/5_100000.txt ../scalc/test/6_100000.txt ../scalc/test/7_100000.txt ../scalc/test/8_100000.txt ../scalc/test/9_100000.txt ../scalc/test/10_100000.txt ] [ GR 0 ../scalc/test/1_100000.txt ../scalc/test/2_100000.txt ../scalc/test/3_100000.txt ../scalc/test/4_100000.txt ../scalc/test/5_100000.txt ../scalc/test/6_100000.txt ../scalc/test/7_100000.txt ../scalc/test/8_100000.txt ../scalc/test/9_100000.txt ../scalc/test/10_100000.txt ] [ GR 0 ../scalc/test/1_100000.txt ../scalc/test/2_100000.txt ../scalc/test/3_100000.txt ../scalc/test/4_100000.txt ../scalc/test/5_100000.txt ../scalc/test/6_100000.txt ../scalc/test/7_100000.txt ../scalc/test/8_100000.txt ../scalc/test/9_100000.txt ../scalc/test/10_100000.txt ] [ GR 0 ../scalc/test/1_100000.txt ../scalc/test/2_100000.txt ../scalc/test/3_100000.txt ../scalc/test/4_100000.txt ../scalc/test/5_100000.txt ../scalc/test/6_100000.txt ../scalc/test/7_100000.txt ../scalc/test/8_100000.txt ../scalc/test/9_100000.txt ../scalc/test/10_100000.txt ] [ GR 0 ../scalc/test/1_100000.txt ../scalc/test/2_100000.txt ../scalc/test/3_100000.txt ../scalc/test/4_100000.txt ../scalc/test/5_100000.txt ../scalc/test/6_100000.txt ../scalc/test/7_100000.txt ../scalc/test/8_100000.txt ../scalc/test/9_100000.txt ../scalc/test/10_100000.txt ] [ GR 0 ../scalc/test/1_100000.txt ../scalc/test/2_100000.txt ../scalc/test/3_100000.txt ../scalc/test/4_100000.txt ../scalc/test/5_100000.txt ../scalc/test/6_100000.txt ../scalc/test/7_100000.txt ../scalc/test/8_100000.txt ../scalc/test/9_100000.txt ../scalc/test/10_100000.txt ] [ GR 0 ../scalc/test/1_100000.txt ../scalc/test/2_100000.txt ../scalc/test/3_100000.txt ../scalc/test/4_100000.txt ../scalc/test/5_100000.txt ../scalc/test/6_100000.txt ../scalc/test/7_100000.txt ../scalc/test/8_100000.txt ../scalc/test/9_100000.txt ../scalc/test/10_100000.txt ] [ GR 0 [ GR 0 ../scalc/test/1_100000.txt ../scalc/test/2_100000.txt ../scalc/test/3_100000.txt ../scalc/test/4_100000.txt ../scalc/test/5_100000.txt ../scalc/test/6_100000.txt ../scalc/test/7_100000.txt ../scalc/test/8_100000.txt ../scalc/test/9_100000.txt ../scalc/test/10_100000.txt ] [ GR 0 ../scalc/test/1_100000.txt ../scalc/test/2_100000.txt ../scalc/test/3_100000.txt ../scalc/test/4_100000.txt ../scalc/test/5_100000.txt ../scalc/test/6_100000.txt ../scalc/test/7_100000.txt ../scalc/test/8_100000.txt ../scalc/test/9_100000.txt ../scalc/test/10_100000.txt ] [ GR 0 ../scalc/test/1_100000.txt ../scalc/test/2_100000.txt ../scalc/test/3_100000.txt ../scalc/test/4_100000.txt ../scalc/test/5_100000.txt ../scalc/test/6_100000.txt ../scalc/test/7_100000.txt ../scalc/test/8_100000.txt ../scalc/test/9_100000.txt ../scalc/test/10_100000.txt ] [ GR 0 ../scalc/test/1_100000.txt ../scalc/test/2_100000.txt ../scalc/test/3_100000.txt ../scalc/test/4_100000.txt ../scalc/test/5_100000.txt ../scalc/test/6_100000.txt ../scalc/test/7_100000.txt ../scalc/test/8_100000.txt ../scalc/test/9_100000.txt ../scalc/test/10_100000.txt ] [ GR 0 ../scalc/test/1_100000.txt ../scalc/test/2_100000.txt ../scalc/test/3_100000.txt ../scalc/test/4_100000.txt ../scalc/test/5_100000.txt ../scalc/test/6_100000.txt ../scalc/test/7_100000.txt ../scalc/test/8_100000.txt ../scalc/test/9_100000.txt ../scalc/test/10_100000.txt ] [ GR 0 ../scalc/test/1_100000.txt ../scalc/test/2_100000.txt ../scalc/test/3_100000.txt ../scalc/test/4_100000.txt ../scalc/test/5_100000.txt ../scalc/test/6_100000.txt ../scalc/test/7_100000.txt ../scalc/test/8_100000.txt ../scalc/test/9_100000.txt ../scalc/test/10_100000.txt ] [ GR 0 ../scalc/test/1_100000.txt ../scalc/test/2_100000.txt ../scalc/test/3_100000.txt ../scalc/test/4_100000.txt ../scalc/test/5_100000.txt ../scalc/test/6_100000.txt ../scalc/test/7_100000.txt ../scalc/test/8_100000.txt ../scalc/test/9_100000.txt ../scalc/test/10_100000.txt ] [ GR 0 ../scalc/test/1_100000.txt ../scalc/test/2_100000.txt ../scalc/test/3_100000.txt ../scalc/test/4_100000.txt ../scalc/test/5_100000.txt ../scalc/test/6_100000.txt ../scalc/test/7_100000.txt ../scalc/test/8_100000.txt ../scalc/test/9_100000.txt ../scalc/test/10_100000.txt ] [ GR 0 ../scalc/test/1_100000.txt ../scalc/test/2_100000.txt ../scalc/test/3_100000.txt ../scalc/test/4_100000.txt ../scalc/test/5_100000.txt ../scalc/test/6_100000.txt ../scalc/test/7_100000.txt ../scalc/test/8_100000.txt ../scalc/test/9_100000.txt ../scalc/test/10_100000.txt ] [ GR 0 ../scalc/test/1_100000.txt ../scalc/test/2_100000.txt ../scalc/test/3_100000.txt ../scalc/test/4_100000.txt ../scalc/test/5_100000.txt ../scalc/test/6_100000.txt ../scalc/test/7_100000.txt ../scalc/test/8_100000.txt ../scalc/test/9_100000.txt ../scalc/test/10_100000.txt ] ] [ GR 0 [ GR 0 ../scalc/test/1_100000.txt ../scalc/test/2_100000.txt ../scalc/test/3_100000.txt ../scalc/test/4_100000.txt ../scalc/test/5_100000.txt ../scalc/test/6_100000.txt ../scalc/test/7_100000.txt ../scalc/test/8_100000.txt ../scalc/test/9_100000.txt ../scalc/test/10_100000.txt ] [ GR 0 ../scalc/test/1_100000.txt ../scalc/test/2_100000.txt ../scalc/test/3_100000.txt ../scalc/test/4_100000.txt ../scalc/test/5_100000.txt ../scalc/test/6_100000.txt ../scalc/test/7_100000.txt ../scalc/test/8_100000.txt ../scalc/test/9_100000.txt ../scalc/test/10_100000.txt ] [ GR 0 ../scalc/test/1_100000.txt ../scalc/test/2_100000.txt ../scalc/test/3_100000.txt ../scalc/test/4_100000.txt ../scalc/test/5_100000.txt ../scalc/test/6_100000.txt ../scalc/test/7_100000.txt ../scalc/test/8_100000.txt ../scalc/test/9_100000.txt ../scalc/test/10_100000.txt ] [ GR 0 ../scalc/test/1_100000.txt ../scalc/test/2_100000.txt ../scalc/test/3_100000.txt ../scalc/test/4_100000.txt ../scalc/test/5_100000.txt ../scalc/test/6_100000.txt ../scalc/test/7_100000.txt ../scalc/test/8_100000.txt ../scalc/test/9_100000.txt ../scalc/test/10_100000.txt ] [ GR 0 ../scalc/test/1_100000.txt ../scalc/test/2_100000.txt ../scalc/test/3_100000.txt ../scalc/test/4_100000.txt ../scalc/test/5_100000.txt ../scalc/test/6_100000.txt ../scalc/test/7_100000.txt ../scalc/test/8_100000.txt ../scalc/test/9_100000.txt ../scalc/test/10_100000.txt ] [ GR 0 ../scalc/test/1_100000.txt ../scalc/test/2_100000.txt ../scalc/test/3_100000.txt ../scalc/test/4_100000.txt ../scalc/test/5_100000.txt ../scalc/test/6_100000.txt ../scalc/test/7_100000.txt ../scalc/test/8_100000.txt ../scalc/test/9_100000.txt ../scalc/test/10_100000.txt ] [ GR 0 ../scalc/test/1_100000.txt ../scalc/test/2_100000.txt ../scalc/test/3_100000.txt ../scalc/test/4_100000.txt ../scalc/test/5_100000.txt ../scalc/test/6_100000.txt ../scalc/test/7_100000.txt ../scalc/test/8_100000.txt ../scalc/test/9_100000.txt ../scalc/test/10_100000.txt ] [ GR 0 ../scalc/test/1_100000.txt ../scalc/test/2_100000.txt ../scalc/test/3_100000.txt ../scalc/test/4_100000.txt ../scalc/test/5_100000.txt ../scalc/test/6_100000.txt ../scalc/test/7_100000.txt ../scalc/test/8_100000.txt ../scalc/test/9_100000.txt ../scalc/test/10_100000.txt ] [ GR 0 ../scalc/test/1_100000.txt ../scalc/test/2_100000.txt ../scalc/test/3_100000.txt ../scalc/test/4_100000.txt ../scalc/test/5_100000.txt ../scalc/test/6_100000.txt ../scalc/test/7_100000.txt ../scalc/test/8_100000.txt ../scalc/test/9_100000.txt ../scalc/test/10_100000.txt ] [ GR 0 ../scalc/test/1_100000.txt ../scalc/test/2_100000.txt ../scalc/test/3_100000.txt ../scalc/test/4_100000.txt ../scalc/test/5_100000.txt ../scalc/test/6_100000.txt ../scalc/test/7_100000.txt ../scalc/test/8_100000.txt ../scalc/test/9_100000.txt ../scalc/test/10_100000.txt ] ] [ GR 0 [ GR 0 ../scalc/test/1_100000.txt ../scalc/test/2_100000.txt ../scalc/test/3_100000.txt ../scalc/test/4_100000.txt ../scalc/test/5_100000.txt ../scalc/test/6_100000.txt ../scalc/test/7_100000.txt ../scalc/test/8_100000.txt ../scalc/test/9_100000.txt ../scalc/test/10_100000.txt ] [ GR 0 ../scalc/test/1_100000.txt ../scalc/test/2_100000.txt ../scalc/test/3_100000.txt ../scalc/test/4_100000.txt ../scalc/test/5_100000.txt ../scalc/test/6_100000.txt ../scalc/test/7_100000.txt ../scalc/test/8_100000.txt ../scalc/test/9_100000.txt ../scalc/test/10_100000.txt ] [ GR 0 ../scalc/test/1_100000.txt ../scalc/test/2_100000.txt ../scalc/test/3_100000.txt ../scalc/test/4_100000.txt ../scalc/test/5_100000.txt ../scalc/test/6_100000.txt ../scalc/test/7_100000.txt ../scalc/test/8_100000.txt ../scalc/test/9_100000.txt ../scalc/test/10_100000.txt ] [ GR 0 ../scalc/test/1_100000.txt ../scalc/test/2_100000.txt ../scalc/test/3_100000.txt ../scalc/test/4_100000.txt ../scalc/test/5_100000.txt ../scalc/test/6_100000.txt ../scalc/test/7_100000.txt ../scalc/test/8_100000.txt ../scalc/test/9_100000.txt ../scalc/test/10_100000.txt ] [ GR 0 ../scalc/test/1_100000.txt ../scalc/test/2_100000.txt ../scalc/test/3_100000.txt ../scalc/test/4_100000.txt ../scalc/test/5_100000.txt ../scalc/test/6_100000.txt ../scalc/test/7_100000.txt ../scalc/test/8_100000.txt ../scalc/test/9_100000.txt ../scalc/test/10_100000.txt ] [ GR 0 ../scalc/test/1_100000.txt ../scalc/test/2_100000.txt ../scalc/test/3_100000.txt ../scalc/test/4_100000.txt ../scalc/test/5_100000.txt ../scalc/test/6_100000.txt ../scalc/test/7_100000.txt ../scalc/test/8_100000.txt ../scalc/test/9_100000.txt ../scalc/test/10_100000.txt ] [ GR 0 ../scalc/test/1_100000.txt ../scalc/test/2_100000.txt ../scalc/test/3_100000.txt ../scalc/test/4_100000.txt ../scalc/test/5_100000.txt ../scalc/test/6_100000.txt ../scalc/test/7_100000.txt ../scalc/test/8_100000.txt ../scalc/test/9_100000.txt ../scalc/test/10_100000.txt ] [ GR 0 ../scalc/test/1_100000.txt ../scalc/test/2_100000.txt ../scalc/test/3_100000.txt ../scalc/test/4_100000.txt ../scalc/test/5_100000.txt ../scalc/test/6_100000.txt ../scalc/test/7_100000.txt ../scalc/test/8_100000.txt ../scalc/test/9_100000.txt ../scalc/test/10_100000.txt ] [ GR 0 ../scalc/test/1_100000.txt ../scalc/test/2_100000.txt ../scalc/test/3_100000.txt ../scalc/test/4_100000.txt ../scalc/test/5_100000.txt ../scalc/test/6_100000.txt ../scalc/test/7_100000.txt ../scalc/test/8_100000.txt ../scalc/test/9_100000.txt ../scalc/test/10_100000.txt ] [ GR 0 ../scalc/test/1_100000.txt ../scalc/test/2_100000.txt ../scalc/test/3_100000.txt ../scalc/test/4_100000.txt ../scalc/test/5_100000.txt ../scalc/test/6_100000.txt ../scalc/test/7_100000.txt ../scalc/test/8_100000.txt ../scalc/test/9_100000.txt ../scalc/test/10_100000.txt ] ] [ GR 0 [ GR 0 ../scalc/test/1_100000.txt ../scalc/test/2_100000.txt ../scalc/test/3_100000.txt ../scalc/test/4_100000.txt ../scalc/test/5_100000.txt ../scalc/test/6_100000.txt ../scalc/test/7_100000.txt ../scalc/test/8_100000.txt ../scalc/test/9_100000.txt ../scalc/test/10_100000.txt ] [ GR 0 ../scalc/test/1_100000.txt ../scalc/test/2_100000.txt ../scalc/test/3_100000.txt ../scalc/test/4_100000.txt ../scalc/test/5_100000.txt ../scalc/test/6_100000.txt ../scalc/test/7_100000.txt ../scalc/test/8_100000.txt ../scalc/test/9_100000.txt ../scalc/test/10_100000.txt ] [ GR 0 ../scalc/test/1_100000.txt ../scalc/test/2_100000.txt ../scalc/test/3_100000.txt ../scalc/test/4_100000.txt ../scalc/test/5_100000.txt ../scalc/test/6_100000.txt ../scalc/test/7_100000.txt ../scalc/test/8_100000.txt ../scalc/test/9_100000.txt ../scalc/test/10_100000.txt ] [ GR 0 ../scalc/test/1_100000.txt ../scalc/test/2_100000.txt ../scalc/test/3_100000.txt ../scalc/test/4_100000.txt ../scalc/test/5_100000.txt ../scalc/test/6_100000.txt ../scalc/test/7_100000.txt ../scalc/test/8_100000.txt ../scalc/test/9_100000.txt ../scalc/test/10_100000.txt ] [ GR 0 ../scalc/test/1_100000.txt ../scalc/test/2_100000.txt ../scalc/test/3_100000.txt ../scalc/test/4_100000.txt ../scalc/test/5_100000.txt ../scalc/test/6_100000.txt ../scalc/test/7_100000.txt ../scalc/test/8_100000.txt ../scalc/test/9_100000.txt ../scalc/test/10_100000.txt ] [ GR 0 ../scalc/test/1_100000.txt ../scalc/test/2_100000.txt ../scalc/test/3_100000.txt ../scalc/test/4_100000.txt ../scalc/test/5_100000.txt ../scalc/test/6_100000.txt ../scalc/test/7_100000.txt ../scalc/test/8_100000.txt ../scalc/test/9_100000.txt ../scalc/test/10_100000.txt ] [ GR 0 ../scalc/test/1_100000.txt ../scalc/test/2_100000.txt ../scalc/test/3_100000.txt ../scalc/test/4_100000.txt ../scalc/test/5_100000.txt ../scalc/test/6_100000.txt ../scalc/test/7_100000.txt ../scalc/test/8_100000.txt ../scalc/test/9_100000.txt ../scalc/test/10_100000.txt ] [ GR 0 ../scalc/test/1_100000.txt ../scalc/test/2_100000.txt ../scalc/test/3_100000.txt ../scalc/test/4_100000.txt ../scalc/test/5_100000.txt ../scalc/test/6_100000.txt ../scalc/test/7_100000.txt ../scalc/test/8_100000.txt ../scalc/test/9_100000.txt ../scalc/test/10_100000.txt ] [ GR 0 ../scalc/test/1_100000.txt ../scalc/test/2_100000.txt ../scalc/test/3_100000.txt ../scalc/test/4_100000.txt ../scalc/test/5_100000.txt ../scalc/test/6_100000.txt ../scalc/test/7_100000.txt ../scalc/test/8_100000.txt ../scalc/test/9_100000.txt ../scalc/test/10_100000.txt ] [ GR 0 ../scalc/test/1_100000.txt ../scalc/test/2_100000.txt ../scalc/test/3_100000.txt ../scalc/test/4_100000.txt ../scalc/test/5_100000.txt ../scalc/test/6_100000.txt ../scalc/test/7_100000.txt ../scalc/test/8_100000.txt ../scalc/test/9_100000.txt ../scalc/test/10_100000.txt ] ] [ GR 0 [ GR 0 ../scalc/test/1_100000.txt ../scalc/test/2_100000.txt ../scalc/test/3_100000.txt ../scalc/test/4_100000.txt ../scalc/test/5_100000.txt ../scalc/test/6_100000.txt ../scalc/test/7_100000.txt ../scalc/test/8_100000.txt ../scalc/test/9_100000.txt ../scalc/test/10_100000.txt ] [ GR 0 ../scalc/test/1_100000.txt ../scalc/test/2_100000.txt ../scalc/test/3_100000.txt ../scalc/test/4_100000.txt ../scalc/test/5_100000.txt ../scalc/test/6_100000.txt ../scalc/test/7_100000.txt ../scalc/test/8_100000.txt ../scalc/test/9_100000.txt ../scalc/test/10_100000.txt ] [ GR 0 ../scalc/test/1_100000.txt ../scalc/test/2_100000.txt ../scalc/test/3_100000.txt ../scalc/test/4_100000.txt ../scalc/test/5_100000.txt ../scalc/test/6_100000.txt ../scalc/test/7_100000.txt ../scalc/test/8_100000.txt ../scalc/test/9_100000.txt ../scalc/test/10_100000.txt ] [ GR 0 ../scalc/test/1_100000.txt ../scalc/test/2_100000.txt ../scalc/test/3_100000.txt ../scalc/test/4_100000.txt ../scalc/test/5_100000.txt ../scalc/test/6_100000.txt ../scalc/test/7_100000.txt ../scalc/test/8_100000.txt ../scalc/test/9_100000.txt ../scalc/test/10_100000.txt ] [ GR 0 ../scalc/test/1_100000.txt ../scalc/test/2_100000.txt ../scalc/test/3_100000.txt ../scalc/test/4_100000.txt ../scalc/test/5_100000.txt ../scalc/test/6_100000.txt ../scalc/test/7_100000.txt ../scalc/test/8_100000.txt ../scalc/test/9_100000.txt ../scalc/test/10_100000.txt ] [ GR 0 ../scalc/test/1_100000.txt ../scalc/test/2_100000.txt ../scalc/test/3_100000.txt ../scalc/test/4_100000.txt ../scalc/test/5_100000.txt ../scalc/test/6_100000.txt ../scalc/test/7_100000.txt ../scalc/test/8_100000.txt ../scalc/test/9_100000.txt ../scalc/test/10_100000.txt ] [ GR 0 ../scalc/test/1_100000.txt ../scalc/test/2_100000.txt ../scalc/test/3_100000.txt ../scalc/test/4_100000.txt ../scalc/test/5_100000.txt ../scalc/test/6_100000.txt ../scalc/test/7_100000.txt ../scalc/test/8_100000.txt ../scalc/test/9_100000.txt ../scalc/test/10_100000.txt ] [ GR 0 ../scalc/test/1_100000.txt ../scalc/test/2_100000.txt ../scalc/test/3_100000.txt ../scalc/test/4_100000.txt ../scalc/test/5_100000.txt ../scalc/test/6_100000.txt ../scalc/test/7_100000.txt ../scalc/test/8_100000.txt ../scalc/test/9_100000.txt ../scalc/test/10_100000.txt ] [ GR 0 ../scalc/test/1_100000.txt ../scalc/test/2_100000.txt ../scalc/test/3_100000.txt ../scalc/test/4_100000.txt ../scalc/test/5_100000.txt ../scalc/test/6_100000.txt ../scalc/test/7_100000.txt ../scalc/test/8_100000.txt ../scalc/test/9_100000.txt ../scalc/test/10_100000.txt ] [ GR 0 ../scalc/test/1_100000.txt ../scalc/test/2_100000.txt ../scalc/test/3_100000.txt ../scalc/test/4_100000.txt ../scalc/test/5_100000.txt ../scalc/test/6_100000.txt ../scalc/test/7_100000.txt ../scalc/test/8_100000.txt ../scalc/test/9_100000.txt ../scalc/test/10_100000.txt ] ] [ GR 0 [ GR 0 ../scalc/test/1_100000.txt ../scalc/test/2_100000.txt ../scalc/test/3_100000.txt ../scalc/test/4_100000.txt ../scalc/test/5_100000.txt ../scalc/test/6_100000.txt ../scalc/test/7_100000.txt ../scalc/test/8_100000.txt ../scalc/test/9_100000.txt ../scalc/test/10_100000.txt ] [ GR 0 ../scalc/test/1_100000.txt ../scalc/test/2_100000.txt ../scalc/test/3_100000.txt ../scalc/test/4_100000.txt ../scalc/test/5_100000.txt ../scalc/test/6_100000.txt ../scalc/test/7_100000.txt ../scalc/test/8_100000.txt ../scalc/test/9_100000.txt ../scalc/test/10_100000.txt ] [ GR 0 ../scalc/test/1_100000.txt ../scalc/test/2_100000.txt ../scalc/test/3_100000.txt ../scalc/test/4_100000.txt ../scalc/test/5_100000.txt ../scalc/test/6_100000.txt ../scalc/test/7_100000.txt ../scalc/test/8_100000.txt ../scalc/test/9_100000.txt ../scalc/test/10_100000.txt ] [ GR 0 ../scalc/test/1_100000.txt ../scalc/test/2_100000.txt ../scalc/test/3_100000.txt ../scalc/test/4_100000.txt ../scalc/test/5_100000.txt ../scalc/test/6_100000.txt ../scalc/test/7_100000.txt ../scalc/test/8_100000.txt ../scalc/test/9_100000.txt ../scalc/test/10_100000.txt ] [ GR 0 ../scalc/test/1_100000.txt ../scalc/test/2_100000.txt ../scalc/test/3_100000.txt ../scalc/test/4_100000.txt ../scalc/test/5_100000.txt ../scalc/test/6_100000.txt ../scalc/test/7_100000.txt ../scalc/test/8_100000.txt ../scalc/test/9_100000.txt ../scalc/test/10_100000.txt ] [ GR 0 ../scalc/test/1_100000.txt ../scalc/test/2_100000.txt ../scalc/test/3_100000.txt ../scalc/test/4_100000.txt ../scalc/test/5_100000.txt ../scalc/test/6_100000.txt ../scalc/test/7_100000.txt ../scalc/test/8_100000.txt ../scalc/test/9_100000.txt ../scalc/test/10_100000.txt ] [ GR 0 ../scalc/test/1_100000.txt ../scalc/test/2_100000.txt ../scalc/test/3_100000.txt ../scalc/test/4_100000.txt ../scalc/test/5_100000.txt ../scalc/test/6_100000.txt ../scalc/test/7_100000.txt ../scalc/test/8_100000.txt ../scalc/test/9_100000.txt ../scalc/test/10_100000.txt ] [ GR 0 ../scalc/test/1_100000.txt ../scalc/test/2_100000.txt ../scalc/test/3_100000.txt ../scalc/test/4_100000.txt ../scalc/test/5_100000.txt ../scalc/test/6_100000.txt ../scalc/test/7_100000.txt ../scalc/test/8_100000.txt ../scalc/test/9_100000.txt ../scalc/test/10_100000.txt ] [ GR 0 ../scalc/test/1_100000.txt ../scalc/test/2_100000.txt ../scalc/test/3_100000.txt ../scalc/test/4_100000.txt ../scalc/test/5_100000.txt ../scalc/test/6_100000.txt ../scalc/test/7_100000.txt ../scalc/test/8_100000.txt ../scalc/test/9_100000.txt ../scalc/test/10_100000.txt ] [ GR 0 ../scalc/test/1_100000.txt ../scalc/test/2_100000.txt ../scalc/test/3_100000.txt ../scalc/test/4_100000.txt ../scalc/test/5_100000.txt ../scalc/test/6_100000.txt ../scalc/test/7_100000.txt ../scalc/test/8_100000.txt ../scalc/test/9_100000.txt ../scalc/test/10_100000.txt ] ] [ GR 0 [ GR 0 ../scalc/test/1_100000.txt ../scalc/test/2_100000.txt ../scalc/test/3_100000.txt ../scalc/test/4_100000.txt ../scalc/test/5_100000.txt ../scalc/test/6_100000.txt ../scalc/test/7_100000.txt ../scalc/test/8_100000.txt ../scalc/test/9_100000.txt ../scalc/test/10_100000.txt ] [ GR 0 ../scalc/test/1_100000.txt ../scalc/test/2_100000.txt ../scalc/test/3_100000.txt ../scalc/test/4_100000.txt ../scalc/test/5_100000.txt ../scalc/test/6_100000.txt ../scalc/test/7_100000.txt ../scalc/test/8_100000.txt ../scalc/test/9_100000.txt ../scalc/test/10_100000.txt ] [ GR 0 ../scalc/test/1_100000.txt ../scalc/test/2_100000.txt ../scalc/test/3_100000.txt ../scalc/test/4_100000.txt ../scalc/test/5_100000.txt ../scalc/test/6_100000.txt ../scalc/test/7_100000.txt ../scalc/test/8_100000.txt ../scalc/test/9_100000.txt ../scalc/test/10_100000.txt ] [ GR 0 ../scalc/test/1_100000.txt ../scalc/test/2_100000.txt ../scalc/test/3_100000.txt ../scalc/test/4_100000.txt ../scalc/test/5_100000.txt ../scalc/test/6_100000.txt ../scalc/test/7_100000.txt ../scalc/test/8_100000.txt ../scalc/test/9_100000.txt ../scalc/test/10_100000.txt ] [ GR 0 ../scalc/test/1_100000.txt ../scalc/test/2_100000.txt ../scalc/test/3_100000.txt ../scalc/test/4_100000.txt ../scalc/test/5_100000.txt ../scalc/test/6_100000.txt ../scalc/test/7_100000.txt ../scalc/test/8_100000.txt ../scalc/test/9_100000.txt ../scalc/test/10_100000.txt ] [ GR 0 ../scalc/test/1_100000.txt ../scalc/test/2_100000.txt ../scalc/test/3_100000.txt ../scalc/test/4_100000.txt ../scalc/test/5_100000.txt ../scalc/test/6_100000.txt ../scalc/test/7_100000.txt ../scalc/test/8_100000.txt ../scalc/test/9_100000.txt ../scalc/test/10_100000.txt ] [ GR 0 ../scalc/test/1_100000.txt ../scalc/test/2_100000.txt ../scalc/test/3_100000.txt ../scalc/test/4_100000.txt ../scalc/test/5_100000.txt ../scalc/test/6_100000.txt ../scalc/test/7_100000.txt ../scalc/test/8_100000.txt ../scalc/test/9_100000.txt ../scalc/test/10_100000.txt ] [ GR 0 ../scalc/test/1_100000.txt ../scalc/test/2_100000.txt ../scalc/test/3_100000.txt ../scalc/test/4_100000.txt ../scalc/test/5_100000.txt ../scalc/test/6_100000.txt ../scalc/test/7_100000.txt ../scalc/test/8_100000.txt ../scalc/test/9_100000.txt ../scalc/test/10_100000.txt ] [ GR 0 ../scalc/test/1_100000.txt ../scalc/test/2_100000.txt ../scalc/test/3_100000.txt ../scalc/test/4_100000.txt ../scalc/test/5_100000.txt ../scalc/test/6_100000.txt ../scalc/test/7_100000.txt ../scalc/test/8_100000.txt ../scalc/test/9_100000.txt ../scalc/test/10_100000.txt ] [ GR 0 ../scalc/test/1_100000.txt ../scalc/test/2_100000.txt ../scalc/test/3_100000.txt ../scalc/test/4_100000.txt ../scalc/test/5_100000.txt ../scalc/test/6_100000.txt ../scalc/test/7_100000.txt ../scalc/test/8_100000.txt ../scalc/test/9_100000.txt ../scalc/test/10_100000.txt ] ] [ GR 0 [ GR 0 ../scalc/test/1_100000.txt ../scalc/test/2_100000.txt ../scalc/test/3_100000.txt ../scalc/test/4_100000.txt ../scalc/test/5_100000.txt ../scalc/test/6_100000.txt ../scalc/test/7_100000.txt ../scalc/test/8_100000.txt ../scalc/test/9_100000.txt ../scalc/test/10_100000.txt ] [ GR 0 ../scalc/test/1_100000.txt ../scalc/test/2_100000.txt ../scalc/test/3_100000.txt ../scalc/test/4_100000.txt ../scalc/test/5_100000.txt ../scalc/test/6_100000.txt ../scalc/test/7_100000.txt ../scalc/test/8_100000.txt ../scalc/test/9_100000.txt ../scalc/test/10_100000.txt ] [ GR 0 ../scalc/test/1_100000.txt ../scalc/test/2_100000.txt ../scalc/test/3_100000.txt ../scalc/test/4_100000.txt ../scalc/test/5_100000.txt ../scalc/test/6_100000.txt ../scalc/test/7_100000.txt ../scalc/test/8_100000.txt ../scalc/test/9_100000.txt ../scalc/test/10_100000.txt ] [ GR 0 ../scalc/test/1_100000.txt ../scalc/test/2_100000.txt ../scalc/test/3_100000.txt ../scalc/test/4_100000.txt ../scalc/test/5_100000.txt ../scalc/test/6_100000.txt ../scalc/test/7_100000.txt ../scalc/test/8_100000.txt ../scalc/test/9_100000.txt ../scalc/test/10_100000.txt ] [ GR 0 ../scalc/test/1_100000.txt ../scalc/test/2_100000.txt ../scalc/test/3_100000.txt ../scalc/test/4_100000.txt ../scalc/test/5_100000.txt ../scalc/test/6_100000.txt ../scalc/test/7_100000.txt ../scalc/test/8_100000.txt ../scalc/test/9_100000.txt ../scalc/test/10_100000.txt ] [ GR 0 ../scalc/test/1_100000.txt ../scalc/test/2_100000.txt ../scalc/test/3_100000.txt ../scalc/test/4_100000.txt ../scalc/test/5_100000.txt ../scalc/test/6_100000.txt ../scalc/test/7_100000.txt ../scalc/test/8_100000.txt ../scalc/test/9_100000.txt ../scalc/test/10_100000.txt ] [ GR 0 ../scalc/test/1_100000.txt ../scalc/test/2_100000.txt ../scalc/test/3_100000.txt ../scalc/test/4_100000.txt ../scalc/test/5_100000.txt ../scalc/test/6_100000.txt ../scalc/test/7_100000.txt ../scalc/test/8_100000.txt ../scalc/test/9_100000.txt ../scalc/test/10_100000.txt ] [ GR 0 ../scalc/test/1_100000.txt ../scalc/test/2_100000.txt ../scalc/test/3_100000.txt ../scalc/test/4_100000.txt ../scalc/test/5_100000.txt ../scalc/test/6_100000.txt ../scalc/test/7_100000.txt ../scalc/test/8_100000.txt ../scalc/test/9_100000.txt ../scalc/test/10_100000.txt ] [ GR 0 ../scalc/test/1_100000.txt ../scalc/test/2_100000.txt ../scalc/test/3_100000.txt ../scalc/test/4_100000.txt ../scalc/test/5_100000.txt ../scalc/test/6_100000.txt ../scalc/test/7_100000.txt ../scalc/test/8_100000.txt ../scalc/test/9_100000.txt ../scalc/test/10_100000.txt ] [ GR 0 ../scalc/test/1_100000.txt ../scalc/test/2_100000.txt ../scalc/test/3_100000.txt ../scalc/test/4_100000.txt ../scalc/test/5_100000.txt ../scalc/test/6_100000.txt ../scalc/test/7_100000.txt ../scalc/test/8_100000.txt ../scalc/test/9_100000.txt ../scalc/test/10_100000.txt ] ] [ GR 0 [ GR 0 ../scalc/test/1_100000.txt ../scalc/test/2_100000.txt ../scalc/test/3_100000.txt ../scalc/test/4_100000.txt ../scalc/test/5_100000.txt ../scalc/test/6_100000.txt ../scalc/test/7_100000.txt ../scalc/test/8_100000.txt ../scalc/test/9_100000.txt ../scalc/test/10_100000.txt ] [ GR 0 ../scalc/test/1_100000.txt ../scalc/test/2_100000.txt ../scalc/test/3_100000.txt ../scalc/test/4_100000.txt ../scalc/test/5_100000.txt ../scalc/test/6_100000.txt ../scalc/test/7_100000.txt ../scalc/test/8_100000.txt ../scalc/test/9_100000.txt ../scalc/test/10_100000.txt ] [ GR 0 ../scalc/test/1_100000.txt ../scalc/test/2_100000.txt ../scalc/test/3_100000.txt ../scalc/test/4_100000.txt ../scalc/test/5_100000.txt ../scalc/test/6_100000.txt ../scalc/test/7_100000.txt ../scalc/test/8_100000.txt ../scalc/test/9_100000.txt ../scalc/test/10_100000.txt ] [ GR 0 ../scalc/test/1_100000.txt ../scalc/test/2_100000.txt ../scalc/test/3_100000.txt ../scalc/test/4_100000.txt ../scalc/test/5_100000.txt ../scalc/test/6_100000.txt ../scalc/test/7_100000.txt ../scalc/test/8_100000.txt ../scalc/test/9_100000.txt ../scalc/test/10_100000.txt ] [ GR 0 ../scalc/test/1_100000.txt ../scalc/test/2_100000.txt ../scalc/test/3_100000.txt ../scalc/test/4_100000.txt ../scalc/test/5_100000.txt ../scalc/test/6_100000.txt ../scalc/test/7_100000.txt ../scalc/test/8_100000.txt ../scalc/test/9_100000.txt ../scalc/test/10_100000.txt ] [ GR 0 ../scalc/test/1_100000.txt ../scalc/test/2_100000.txt ../scalc/test/3_100000.txt ../scalc/test/4_100000.txt ../scalc/test/5_100000.txt ../scalc/test/6_100000.txt ../scalc/test/7_100000.txt ../scalc/test/8_100000.txt ../scalc/test/9_100000.txt ../scalc/test/10_100000.txt ] [ GR 0 ../scalc/test/1_100000.txt ../scalc/test/2_100000.txt ../scalc/test/3_100000.txt ../scalc/test/4_100000.txt ../scalc/test/5_100000.txt ../scalc/test/6_100000.txt ../scalc/test/7_100000.txt ../scalc/test/8_100000.txt ../scalc/test/9_100000.txt ../scalc/test/10_100000.txt ] [ GR 0 ../scalc/test/1_100000.txt ../scalc/test/2_100000.txt ../scalc/test/3_100000.txt ../scalc/test/4_100000.txt ../scalc/test/5_100000.txt ../scalc/test/6_100000.txt ../scalc/test/7_100000.txt ../scalc/test/8_100000.txt ../scalc/test/9_100000.txt ../scalc/test/10_100000.txt ] [ GR 0 ../scalc/test/1_100000.txt ../scalc/test/2_100000.txt ../scalc/test/3_100000.txt ../scalc/test/4_100000.txt ../scalc/test/5_100000.txt ../scalc/test/6_100000.txt ../scalc/test/7_100000.txt ../scalc/test/8_100000.txt ../scalc/test/9_100000.txt ../scalc/test/10_100000.txt ] [ GR 0 ../scalc/test/1_100000.txt ../scalc/test/2_100000.txt ../scalc/test/3_100000.txt ../scalc/test/4_100000.txt ../scalc/test/5_100000.txt ../scalc/test/6_100000.txt ../scalc/test/7_100000.txt ../scalc/test/8_100000.txt ../scalc/test/9_100000.txt ../scalc/test/10_100000.txt ] ] ] > huge_result.txt && head huge_result.txt


and let's try to optimize map/set 

what about map?
~4 sec for  [ GR 0 [ GR 0 [ GR 0 (10 x 0.1M) ] [ GR 0 (10 x 0.1M) ] ] [ GR 0 [ GR 0 (10 x 0.1M) ] [ GR 0 (10 x 0.1M) ] ] ] (!)

Using the STD::UNORDERED_MAP + sorting of the output
elements    sec     outputs
560M        53      4323650
280M        62      4323650
^^ above results are questionable.
40M         32      4323650


improve filereading and the mapping function with reserving space:

Using the STD::UNORDERED_MAP (reserve half elements) + sorting of the output
elements    sec     outputs
560M        45
280M        51
48M         27

Using the STD::UNORDERED_MAP (reserve half elements always) + sorting of the output
elements    sec     outputs
48M         24      4323650
93M         41      4323650
100M        46      4323650
118M        66      4323650  --70 sec. if use the dynamic polymorphism! (not good, heh)
184M        51      432113


